#2026 09 17 11:46:09.002#Z#DEBUG#3094b1d5-b28d-11f1-8b44-eeee0a821e4e.van-stock-profile-srv#flowable-async-job-executor-thread-5504#
[PollStageAppStatusExecution] f6ee7e69-0530-499e-9b8b-8c9cb7424d76 [2026-09-17T11:45:11.487962] Updated app with guid f6ee7e69-0530-499e-9b8b-8c9cb7424d76 ({"lifecycle"=>{"data"=>{"buildpacks"=>["nodejs_buildpack"]}, "type"=>"buildpack"}}) (STDOUT, API)#
#2026 09 17 11:46:09.002#Z#DEBUG#3094b1d5-b28d-11f1-8b44-eeee0a821e4e.van-stock-profile-srv#flowable-async-job-executor-thread-5504#
[PollStageAppStatusExecution] f6ee7e69-0530-499e-9b8b-8c9cb7424d76 [2026-09-17T11:45:11.598964] Updating process: "web" (STDOUT, API)#
#2026 09 17 11:46:09.002#Z#DEBUG#3094b1d5-b28d-11f1-8b44-eeee0a821e4e.van-stock-profile-srv#flowable-async-job-executor-thread-5504#
[PollStageAppStatusExecution] f6ee7e69-0530-499e-9b8b-8c9cb7424d76 [2026-09-17T11:45:48.908402] Uploading app package for app with guid f6ee7e69-0530-499e-9b8b-8c9cb7424d76 (STDOUT, API)#
#2026 09 17 11:46:09.002#Z#DEBUG#3094b1d5-b28d-11f1-8b44-eeee0a821e4e.van-stock-profile-srv#flowable-async-job-executor-thread-5504#
[PollStageAppStatusExecution] f6ee7e69-0530-499e-9b8b-8c9cb7424d76 [2026-09-17T11:45:49.068599] Updated app with guid f6ee7e69-0530-499e-9b8b-8c9cb7424d76 ({"environment_variables"=>"[PRIVATE DATA HIDDEN]"}) (STDOUT, API)#
#2026 09 17 11:46:09.002#Z#DEBUG#3094b1d5-b28d-11f1-8b44-eeee0a821e4e.van-stock-profile-srv#flowable-async-job-executor-thread-5504#
[PollStageAppStatusExecution] f6ee7e69-0530-499e-9b8b-8c9cb7424d76 [2026-09-17T11:45:59.483937] Stopping app with guid f6ee7e69-0530-499e-9b8b-8c9cb7424d76 (STDOUT, API)#
#2026 09 17 11:46:09.002#Z#DEBUG#3094b1d5-b28d-11f1-8b44-eeee0a821e4e.van-stock-profile-srv#flowable-async-job-executor-thread-5504#
[PollStageAppStatusExecution] f6ee7e69-0530-499e-9b8b-8c9cb7424d76 [2026-09-17T11:45:59.519398] Cell c839c7b1-088e-41af-b9b7-66256aacd457 stopping instance 5da0e0b5-cbf5-436e-6354-93ad (STDOUT, CELL)#
#2026 09 17 11:46:09.002#Z#DEBUG#3094b1d5-b28d-11f1-8b44-eeee0a821e4e.van-stock-profile-srv#flowable-async-job-executor-thread-5504#
[PollStageAppStatusExecution] f6ee7e69-0530-499e-9b8b-8c9cb7424d76 [2026-09-17T11:45:59.686501] Creating build for app with guid f6ee7e69-0530-499e-9b8b-8c9cb7424d76 (STDOUT, API)#
#2026 09 17 11:46:09.002#Z#DEBUG#3094b1d5-b28d-11f1-8b44-eeee0a821e4e.van-stock-profile-srv#flowable-async-job-executor-thread-5504#
[PollStageAppStatusExecution] f6ee7e69-0530-499e-9b8b-8c9cb7424d76 [2026-09-17T11:46:00.304853] Downloading nodejs_buildpack... (STDOUT, STG)#
#2026 09 17 11:46:09.002#Z#DEBUG#3094b1d5-b28d-11f1-8b44-eeee0a821e4e.van-stock-profile-srv#flowable-async-job-executor-thread-5504#
[PollStageAppStatusExecution] f6ee7e69-0530-499e-9b8b-8c9cb7424d76 [2026-09-17T11:46:00.340615] Downloaded nodejs_buildpack (STDOUT, STG)#
#2026 09 17 11:46:09.002#Z#DEBUG#3094b1d5-b28d-11f1-8b44-eeee0a821e4e.van-stock-profile-srv#flowable-async-job-executor-thread-5504#
[PollStageAppStatusExecution] f6ee7e69-0530-499e-9b8b-8c9cb7424d76 [2026-09-17T11:46:00.340718] Cell 684caff8-89cd-492b-be01-b3d0835f1763 creating container for instance b2981110-dfa0-4a7e-8597-a43893161ec3 (STDOUT, STG)#
#2026 09 17 11:46:09.002#Z#DEBUG#3094b1d5-b28d-11f1-8b44-eeee0a821e4e.van-stock-profile-srv#flowable-async-job-executor-thread-5504#
[PollStageAppStatusExecution] f6ee7e69-0530-499e-9b8b-8c9cb7424d76 [2026-09-17T11:46:01.073001] Security group rules were updated (STDOUT, STG)#
#2026 09 17 11:46:09.002#Z#DEBUG#3094b1d5-b28d-11f1-8b44-eeee0a821e4e.van-stock-profile-srv#flowable-async-job-executor-thread-5504#
[PollStageAppStatusExecution] f6ee7e69-0530-499e-9b8b-8c9cb7424d76 [2026-09-17T11:46:01.120596] Cell 684caff8-89cd-492b-be01-b3d0835f1763 successfully created container for instance b2981110-dfa0-4a7e-8597-a43893161ec3 (STDOUT, STG)#
#2026 09 17 11:46:09.002#Z#DEBUG#3094b1d5-b28d-11f1-8b44-eeee0a821e4e.van-stock-profile-srv#flowable-async-job-executor-thread-5504#
[PollStageAppStatusExecution] f6ee7e69-0530-499e-9b8b-8c9cb7424d76 [2026-09-17T11:46:01.823494] Downloading build artifacts cache... (STDOUT, STG)#
#2026 09 17 11:46:09.003#Z#DEBUG#3094b1d5-b28d-11f1-8b44-eeee0a821e4e.van-stock-profile-srv#flowable-async-job-executor-thread-5504#
[PollStageAppStatusExecution] f6ee7e69-0530-499e-9b8b-8c9cb7424d76 [2026-09-17T11:46:01.823520] Downloading app package... (STDOUT, STG)#
#2026 09 17 11:46:09.003#Z#DEBUG#3094b1d5-b28d-11f1-8b44-eeee0a821e4e.van-stock-profile-srv#flowable-async-job-executor-thread-5504#
[PollStageAppStatusExecution] f6ee7e69-0530-499e-9b8b-8c9cb7424d76 [2026-09-17T11:46:01.888407] Downloaded build artifacts cache (221B) (STDOUT, STG)#
#2026 09 17 11:46:09.003#Z#DEBUG#3094b1d5-b28d-11f1-8b44-eeee0a821e4e.van-stock-profile-srv#flowable-async-job-executor-thread-5504#
[PollStageAppStatusExecution] f6ee7e69-0530-499e-9b8b-8c9cb7424d76 [2026-09-17T11:46:03.107604] Downloaded app package (11.8M) (STDOUT, STG)#
#2026 09 17 11:46:09.003#Z#DEBUG#3094b1d5-b28d-11f1-8b44-eeee0a821e4e.van-stock-profile-srv#flowable-async-job-executor-thread-5504#
[PollStageAppStatusExecution] f6ee7e69-0530-499e-9b8b-8c9cb7424d76 [2026-09-17T11:46:03.227614] -----> Nodejs Buildpack version 1.9.4 (STDOUT, STG)#
#2026 09 17 11:46:09.003#Z#DEBUG#3094b1d5-b28d-11f1-8b44-eeee0a821e4e.van-stock-profile-srv#flowable-async-job-executor-thread-5504#
[PollStageAppStatusExecution] f6ee7e69-0530-499e-9b8b-8c9cb7424d76 [2026-09-17T11:46:03.634613] -----> Bootstrapping python (STDOUT, STG)#
#2026 09 17 11:46:09.003#Z#DEBUG#3094b1d5-b28d-11f1-8b44-eeee0a821e4e.van-stock-profile-srv#flowable-async-job-executor-thread-5504#
[PollStageAppStatusExecution] f6ee7e69-0530-499e-9b8b-8c9cb7424d76 [2026-09-17T11:46:03.634663] -----> Installing python 3.13.15 (STDOUT, STG)#
#2026 09 17 11:46:09.003#Z#DEBUG#3094b1d5-b28d-11f1-8b44-eeee0a821e4e.van-stock-profile-srv#flowable-async-job-executor-thread-5504#
[PollStageAppStatusExecution] f6ee7e69-0530-499e-9b8b-8c9cb7424d76 [2026-09-17T11:46:03.634782] Copy [/tmp/buildpacks/5be6efbe8830cdb7/dependencies/6832464ec708e1392d482a6034aa2c94/python_3.13.15_linux_x64_cflinuxfs4_0c9cd9fd.tgz] (STDOUT, STG)#
#2026 09 17 11:46:09.003#Z#DEBUG#3094b1d5-b28d-11f1-8b44-eeee0a821e4e.van-stock-profile-srv#flowable-async-job-executor-thread-5504#
[PollStageAppStatusExecution] f6ee7e69-0530-499e-9b8b-8c9cb7424d76 [2026-09-17T11:46:08.406686] -----> Installing binaries (STDOUT, STG)#
#2026 09 17 11:46:09.003#Z#DEBUG#3094b1d5-b28d-11f1-8b44-eeee0a821e4e.van-stock-profile-srv#flowable-async-job-executor-thread-5504#
[PollStageAppStatusExecution] f6ee7e69-0530-499e-9b8b-8c9cb7424d76 [2026-09-17T11:46:08.406773] engines.node (package.json): >=20 (STDOUT, STG)#
#2026 09 17 11:46:09.003#Z#DEBUG#3094b1d5-b28d-11f1-8b44-eeee0a821e4e.van-stock-profile-srv#flowable-async-job-executor-thread-5504#
[PollStageAppStatusExecution] f6ee7e69-0530-499e-9b8b-8c9cb7424d76 [2026-09-17T11:46:08.406780] engines.npm (package.json): unspecified (use default) (STDOUT, STG)#
#2026 09 17 11:46:09.003#Z#DEBUG#3094b1d5-b28d-11f1-8b44-eeee0a821e4e.van-stock-profile-srv#flowable-async-job-executor-thread-5504#
[PollStageAppStatusExecution] f6ee7e69-0530-499e-9b8b-8c9cb7424d76 [2026-09-17T11:46:08.406786] [31;1m**WARNING**[0m Dangerous semver range (>) in engines.node. See: http://docs.cloudfoundry.org/buildpacks/node/node-tips.html (STDOUT, STG)#
#2026 09 17 11:46:09.003#Z#DEBUG#3094b1d5-b28d-11f1-8b44-eeee0a821e4e.van-stock-profile-srv#flowable-async-job-executor-thread-5504#
[PollStageAppStatusExecution] f6ee7e69-0530-499e-9b8b-8c9cb7424d76 [2026-09-17T11:46:08.406920] -----> Installing node 24.19.0 (STDOUT, STG)#
#2026 09 17 11:46:09.003#Z#DEBUG#3094b1d5-b28d-11f1-8b44-eeee0a821e4e.van-stock-profile-srv#flowable-async-job-executor-thread-5504#
[PollStageAppStatusExecution] f6ee7e69-0530-499e-9b8b-8c9cb7424d76 [2026-09-17T11:46:08.407356] Copy [/tmp/buildpacks/5be6efbe8830cdb7/dependencies/cf9035c55d85610a9158faa009b7a7b5/node_24.19.0_linux_x64_cflinuxfs4_9ab26efa.tgz] (STDOUT, STG)#
#2026 09 17 11:46:18.878#Z#DEBUG#3094b1d5-b28d-11f1-8b44-eeee0a821e4e.van-stock-profile-srv#flowable-async-job-executor-thread-4759#
[PollStageAppStatusExecution] f6ee7e69-0530-499e-9b8b-8c9cb7424d76 [2026-09-17T11:46:11.116625] Using default npm version: 11.17.0 (STDOUT, STG)#
#2026 09 17 11:46:18.878#Z#DEBUG#3094b1d5-b28d-11f1-8b44-eeee0a821e4e.van-stock-profile-srv#flowable-async-job-executor-thread-4759#
[PollStageAppStatusExecution] f6ee7e69-0530-499e-9b8b-8c9cb7424d76 [2026-09-17T11:46:11.116661] -----> Installing yarn 1.22.22 (STDOUT, STG)#
#2026 09 17 11:46:18.878#Z#DEBUG#3094b1d5-b28d-11f1-8b44-eeee0a821e4e.van-stock-profile-srv#flowable-async-job-executor-thread-4759#
[PollStageAppStatusExecution] f6ee7e69-0530-499e-9b8b-8c9cb7424d76 [2026-09-17T11:46:11.116823] Copy [/tmp/buildpacks/5be6efbe8830cdb7/dependencies/e4fe26756e9984a665478d350474fa2e/yarn_1.22.22_linux_noarch_any-stack_b6132b86.tgz] (STDOUT, STG)#
#2026 09 17 11:46:18.878#Z#DEBUG#3094b1d5-b28d-11f1-8b44-eeee0a821e4e.van-stock-profile-srv#flowable-async-job-executor-thread-4759#
[PollStageAppStatusExecution] f6ee7e69-0530-499e-9b8b-8c9cb7424d76 [2026-09-17T11:46:11.528420] Installed yarn 1.22.22 (STDOUT, STG)#
#2026 09 17 11:46:18.878#Z#DEBUG#3094b1d5-b28d-11f1-8b44-eeee0a821e4e.van-stock-profile-srv#flowable-async-job-executor-thread-4759#
[PollStageAppStatusExecution] f6ee7e69-0530-499e-9b8b-8c9cb7424d76 [2026-09-17T11:46:11.528456] -----> Creating runtime environment (STDOUT, STG)#
#2026 09 17 11:46:18.878#Z#DEBUG#3094b1d5-b28d-11f1-8b44-eeee0a821e4e.van-stock-profile-srv#flowable-async-job-executor-thread-4759#
[PollStageAppStatusExecution] f6ee7e69-0530-499e-9b8b-8c9cb7424d76 [2026-09-17T11:46:11.530285] NODE_ENV=production (STDOUT, STG)#
#2026 09 17 11:46:18.878#Z#DEBUG#3094b1d5-b28d-11f1-8b44-eeee0a821e4e.van-stock-profile-srv#flowable-async-job-executor-thread-4759#
[PollStageAppStatusExecution] f6ee7e69-0530-499e-9b8b-8c9cb7424d76 [2026-09-17T11:46:11.530310] NODE_HOME=/tmp/contents343806375/deps/0/node (STDOUT, STG)#
#2026 09 17 11:46:18.878#Z#DEBUG#3094b1d5-b28d-11f1-8b44-eeee0a821e4e.van-stock-profile-srv#flowable-async-job-executor-thread-4759#
[PollStageAppStatusExecution] f6ee7e69-0530-499e-9b8b-8c9cb7424d76 [2026-09-17T11:46:11.530314] NODE_MODULES_CACHE=true (STDOUT, STG)#
#2026 09 17 11:46:18.878#Z#DEBUG#3094b1d5-b28d-11f1-8b44-eeee0a821e4e.van-stock-profile-srv#flowable-async-job-executor-thread-4759#
[PollStageAppStatusExecution] f6ee7e69-0530-499e-9b8b-8c9cb7424d76 [2026-09-17T11:46:11.530317] NODE_VERBOSE=false (STDOUT, STG)#
#2026 09 17 11:46:18.878#Z#DEBUG#3094b1d5-b28d-11f1-8b44-eeee0a821e4e.van-stock-profile-srv#flowable-async-job-executor-thread-4759#
[PollStageAppStatusExecution] f6ee7e69-0530-499e-9b8b-8c9cb7424d76 [2026-09-17T11:46:11.530321] NPM_CONFIG_LOGLEVEL=error (STDOUT, STG)#
#2026 09 17 11:46:18.878#Z#DEBUG#3094b1d5-b28d-11f1-8b44-eeee0a821e4e.van-stock-profile-srv#flowable-async-job-executor-thread-4759#
[PollStageAppStatusExecution] f6ee7e69-0530-499e-9b8b-8c9cb7424d76 [2026-09-17T11:46:11.530328] NPM_CONFIG_PRODUCTION=true (STDOUT, STG)#
#2026 09 17 11:46:18.878#Z#DEBUG#3094b1d5-b28d-11f1-8b44-eeee0a821e4e.van-stock-profile-srv#flowable-async-job-executor-thread-4759#
[PollStageAppStatusExecution] f6ee7e69-0530-499e-9b8b-8c9cb7424d76 [2026-09-17T11:46:11.530619] -----> Building dependencies (STDOUT, STG)#
#2026 09 17 11:46:18.878#Z#DEBUG#3094b1d5-b28d-11f1-8b44-eeee0a821e4e.van-stock-profile-srv#flowable-async-job-executor-thread-4759#
[PollStageAppStatusExecution] f6ee7e69-0530-499e-9b8b-8c9cb7424d76 [2026-09-17T11:46:11.530636] Prebuild detected (node_modules already exists) (STDOUT, STG)#
#2026 09 17 11:46:18.878#Z#DEBUG#3094b1d5-b28d-11f1-8b44-eeee0a821e4e.van-stock-profile-srv#flowable-async-job-executor-thread-4759#
[PollStageAppStatusExecution] f6ee7e69-0530-499e-9b8b-8c9cb7424d76 [2026-09-17T11:46:11.530642] Rebuilding any native modules (STDOUT, STG)#
#2026 09 17 11:46:18.878#Z#DEBUG#3094b1d5-b28d-11f1-8b44-eeee0a821e4e.van-stock-profile-srv#flowable-async-job-executor-thread-4759#
[PollStageAppStatusExecution] f6ee7e69-0530-499e-9b8b-8c9cb7424d76 [2026-09-17T11:46:12.470581] rebuilt dependencies successfully (STDOUT, STG)#
#2026 09 17 11:46:18.878#Z#DEBUG#3094b1d5-b28d-11f1-8b44-eeee0a821e4e.van-stock-profile-srv#flowable-async-job-executor-thread-4759#
[PollStageAppStatusExecution] f6ee7e69-0530-499e-9b8b-8c9cb7424d76 [2026-09-17T11:46:12.473082] npm notice (STDOUT, STG)#
#2026 09 17 11:46:18.878#Z#DEBUG#3094b1d5-b28d-11f1-8b44-eeee0a821e4e.van-stock-profile-srv#flowable-async-job-executor-thread-4759#
[PollStageAppStatusExecution] f6ee7e69-0530-499e-9b8b-8c9cb7424d76 [2026-09-17T11:46:12.473131] npm notice New major version of npm available! 11.17.0 -> 12.0.2 (STDOUT, STG)#
#2026 09 17 11:46:18.878#Z#DEBUG#3094b1d5-b28d-11f1-8b44-eeee0a821e4e.van-stock-profile-srv#flowable-async-job-executor-thread-4759#
[PollStageAppStatusExecution] f6ee7e69-0530-499e-9b8b-8c9cb7424d76 [2026-09-17T11:46:12.473135] npm notice Changelog: https://github.com/npm/cli/releases/tag/v12.0.2 (STDOUT, STG)#
#2026 09 17 11:46:18.878#Z#DEBUG#3094b1d5-b28d-11f1-8b44-eeee0a821e4e.van-stock-profile-srv#flowable-async-job-executor-thread-4759#
[PollStageAppStatusExecution] f6ee7e69-0530-499e-9b8b-8c9cb7424d76 [2026-09-17T11:46:12.473140] npm notice To update run: npm install -g npm@12.0.2 (STDOUT, STG)#
#2026 09 17 11:46:18.878#Z#DEBUG#3094b1d5-b28d-11f1-8b44-eeee0a821e4e.van-stock-profile-srv#flowable-async-job-executor-thread-4759#
[PollStageAppStatusExecution] f6ee7e69-0530-499e-9b8b-8c9cb7424d76 [2026-09-17T11:46:12.473147] npm notice (STDOUT, STG)#
#2026 09 17 11:46:18.878#Z#DEBUG#3094b1d5-b28d-11f1-8b44-eeee0a821e4e.van-stock-profile-srv#flowable-async-job-executor-thread-4759#
[PollStageAppStatusExecution] f6ee7e69-0530-499e-9b8b-8c9cb7424d76 [2026-09-17T11:46:12.550608] Installing any new modules (package.json + package-lock.json) (STDOUT, STG)#
#2026 09 17 11:46:18.878#Z#DEBUG#3094b1d5-b28d-11f1-8b44-eeee0a821e4e.van-stock-profile-srv#flowable-async-job-executor-thread-4759#
[PollStageAppStatusExecution] f6ee7e69-0530-499e-9b8b-8c9cb7424d76 [2026-09-17T11:46:13.587960] up to date in 931ms (STDOUT, STG)#
#2026 09 17 11:46:18.878#Z#DEBUG#3094b1d5-b28d-11f1-8b44-eeee0a821e4e.van-stock-profile-srv#flowable-async-job-executor-thread-4759#
[PollStageAppStatusExecution] f6ee7e69-0530-499e-9b8b-8c9cb7424d76 [2026-09-17T11:46:13.589182] 36 packages are looking for funding (STDOUT, STG)#
#2026 09 17 11:46:18.878#Z#DEBUG#3094b1d5-b28d-11f1-8b44-eeee0a821e4e.van-stock-profile-srv#flowable-async-job-executor-thread-4759#
[PollStageAppStatusExecution] f6ee7e69-0530-499e-9b8b-8c9cb7424d76 [2026-09-17T11:46:13.589221] run `npm fund` for details (STDOUT, STG)#
#2026 09 17 11:46:18.878#Z#DEBUG#3094b1d5-b28d-11f1-8b44-eeee0a821e4e.van-stock-profile-srv#flowable-async-job-executor-thread-4759#
[PollStageAppStatusExecution] f6ee7e69-0530-499e-9b8b-8c9cb7424d76 [2026-09-17T11:46:14.697289] Contrast Security no credentials found. Will not write environment files. (STDOUT, STG)#
#2026 09 17 11:46:28.930#Z#DEBUG#3094b1d5-b28d-11f1-8b44-eeee0a821e4e.van-stock-profile-srv#flowable-async-job-executor-thread-5515#
[PollStageAppStatusExecution] f6ee7e69-0530-499e-9b8b-8c9cb7424d76 [2026-09-17T11:46:25.973565] Exit status 0 (STDOUT, STG)#
#2026 09 17 11:46:28.930#Z#DEBUG#3094b1d5-b28d-11f1-8b44-eeee0a821e4e.van-stock-profile-srv#flowable-async-job-executor-thread-5515#
[PollStageAppStatusExecution] f6ee7e69-0530-499e-9b8b-8c9cb7424d76 [2026-09-17T11:46:25.973665] Uploading droplet, build artifacts cache... (STDOUT, STG)#
#2026 09 17 11:46:28.930#Z#DEBUG#3094b1d5-b28d-11f1-8b44-eeee0a821e4e.van-stock-profile-srv#flowable-async-job-executor-thread-5515#
[PollStageAppStatusExecution] f6ee7e69-0530-499e-9b8b-8c9cb7424d76 [2026-09-17T11:46:25.973740] Uploading droplet... (STDOUT, STG)#
#2026 09 17 11:46:28.930#Z#DEBUG#3094b1d5-b28d-11f1-8b44-eeee0a821e4e.van-stock-profile-srv#flowable-async-job-executor-thread-5515#
[PollStageAppStatusExecution] f6ee7e69-0530-499e-9b8b-8c9cb7424d76 [2026-09-17T11:46:25.973864] Uploading build artifacts cache... (STDOUT, STG)#
#2026 09 17 11:46:28.930#Z#DEBUG#3094b1d5-b28d-11f1-8b44-eeee0a821e4e.van-stock-profile-srv#flowable-async-job-executor-thread-5515#
[PollStageAppStatusExecution] f6ee7e69-0530-499e-9b8b-8c9cb7424d76 [2026-09-17T11:46:25.993642] Uploaded build artifacts cache (225B) (STDOUT, STG)#
#2026 09 17 11:46:28.930#Z#DEBUG#3094b1d5-b28d-11f1-8b44-eeee0a821e4e.van-stock-profile-srv#flowable-async-job-executor-thread-5515#
[PollStageAppStatusExecution] f6ee7e69-0530-499e-9b8b-8c9cb7424d76 [2026-09-17T11:46:26.859804] Creating droplet for app with guid f6ee7e69-0530-499e-9b8b-8c9cb7424d76 (STDOUT, API)#
